Precession J2000 -> J2015
RA  +0.0000000000000000 -> +0.00335436494738
Dec -0.0000000000000000 -> +0.00145750636715
RA  +1.0000000000000000 -> +1.00144502893137
Dec -1.0000000000000000 -> -0.99921340641849
RA  +2.0000000000000000 -> +5.14783637009482
Dec -2.0000000000000000 -> -1.14098196391820
RA  +3.0000000000000000 -> +6.14497583600613
Dec -3.0000000000000000 -> -0.14014938268571
RA  +4.0000000000000000 -> +0.86304263679290
Dec -4.0000000000000000 -> +0.85935746461846
RA  +5.0000000000000000 -> +4.99862508659034
Dec -5.0000000000000000 -> +1.28359780542319
RA  +6.0000000000000000 -> +6.00323620750428
Dec -6.0000000000000000 -> +0.28458542583448

Pluto discontinuity when Chapront (1995) ends on 2247/10/1
RA = 16:52:53.80
RA = 16:46:16.01
